Random text
that
I don't care
about